// Jest Snapshot v1, https://goo.gl/fbAQLP

exports[`with license issues 1`] = `
"
License issues (1 issue):

  ✗ [High] Unknown license
    Info: https://dev.snyk.io/vuln/snyk:lic:rubygems:rack-cache:Unknown
    Introduced through: rack-cache@1.1
    Introduced by: rack-cache@1.1
    Legal instructions:
    ○ for LGPL-3.0 license: I am legal license instruction


Issues to fix by upgrading (7 issues):

  Upgrade rack@1.6.5 to rack@1.6.11 to fix 1 issue

  ✗ [Medium] Cross-site Scripting (XSS)
    Info: https://security.snyk.io/vuln/SNYK-RUBY-RACK-72567
    Introduced through: rack@1.6.5
    Introduced by: rack@1.6.5 > rack-cache@1.1 > rack@1.6.5 > rack-protection@1.5.3 > rack@1.6.5

  Upgrade rack-cache@1.1 to rack-cache@1.3.0 to fix 2 issues

  ✗ [Medium] Cross-site Scripting (XSS)
    Info: https://security.snyk.io/vuln/SNYK-RUBY-RACK-72567
    Introduced through: rack@1.6.5
    Introduced by: rack@1.6.5 > rack-cache@1.1 > rack@1.6.5 > rack-protection@1.5.3 > rack@1.6.5

  ✗ [High] HTTP Header Caching Weakness
    Info: https://security.snyk.io/vuln/SNYK-RUBY-RACKCACHE-20031
    Introduced through: rack-cache@1.1
    Introduced by: rack-cache@1.1

  Upgrade rack-protection@1.5.3 to rack-protection@2.0.0 to fix 4 issues

  ✗ [Low] Side-channel attack
    Info: https://security.snyk.io/vuln/SNYK-RUBY-RACKPROTECTION-20394
    Introduced through: rack-protection@1.5.3
    Introduced by: rack-protection@1.5.3

  ✗ [Medium] Timing Attack
    Info: https://security.snyk.io/vuln/SNYK-RUBY-RACKPROTECTION-20395
    Introduced through: rack-protection@1.5.3
    Introduced by: rack-protection@1.5.3

  ✗ [Medium] Directory Traversal
    Info: https://security.snyk.io/vuln/SNYK-RUBY-RACKPROTECTION-22019
    Introduced through: rack-protection@1.5.3
    Introduced by: rack-protection@1.5.3

  ✗ [Medium] Cross-site Scripting (XSS)
    Info: https://security.snyk.io/vuln/SNYK-RUBY-RACK-72567
    Introduced through: rack@1.6.5
    Introduced by: rack@1.6.5 > rack-cache@1.1 > rack@1.6.5 > rack-protection@1.5.3 > rack@1.6.5"
`;

exports[`with pins & unfixable & showVulnsPaths = all 1`] = `
"
Issues with no direct upgrade or patch (1 issue):

  ✗ [Low] Directory Traversal
    Info: https://security.snyk.io/vuln/SNYK-PYTHON-DJANGO-1066259
    Introduced through: django@1.6.1
    Introduced by: django@1.6.1
    Fixed in: 2.2.18, 3.0.12, 3.1.6


Issues to fix by upgrading dependencies (1 issue):

  Upgrade django@1.6.1 to django@2.2.18 to fix 1 issue

  ✗ [Medium] Content Spoofing
    Info: https://security.snyk.io/vuln/SNYK-PYTHON-DJANGO-72888
    Introduced through: django@1.6.1
    Introduced by: django@1.6.1"
`;

exports[`with showVulnPaths = some 1`] = `
"
Issues with no direct upgrade or patch (1 issue):

  ✗ [Low] Directory Traversal
    Info: https://security.snyk.io/vuln/SNYK-PYTHON-DJANGO-1066259
    Introduced through: django@1.6.1
    Introduced by: django@1.6.1
    Fixed in: 2.2.18, 3.0.12, 3.1.6


Issues to fix by upgrading dependencies (1 issue):

  Upgrade django@1.6.1 to django@2.2.18 to fix 1 issue

  ✗ [Medium] Content Spoofing
    Info: https://security.snyk.io/vuln/SNYK-PYTHON-DJANGO-72888
    Introduced through: django@1.6.1
    Introduced by: django@1.6.1"
`;

exports[`with upgrades & patches 1`] = `
"
Patchable issues (1 issue):

  Patch available for node-uuid@1.4.0

  ✗ [Low (originally Medium)] Insecure Randomness
    Info: https://security.snyk.io/vuln/npm:node-uuid:20160328
    Introduced through: node-uuid@1.4.0
    Introduced by: node-uuid@1.4.0


Issues to fix by upgrading (3 issues):

  Upgrade qs@0.0.6 to qs@6.0.4 to fix 3 issues

  ✗ [Low (originally High)] Prototype Override Protection Bypass
    Info: https://security.snyk.io/vuln/npm:qs:20170213
    Introduced through: qs@0.0.6
    Introduced by: qs@0.0.6

  ✗ [Low (originally High)] Denial of Service (DoS)
    Info: https://security.snyk.io/vuln/npm:qs:20140806
    Introduced through: qs@0.0.6
    Introduced by: qs@0.0.6

  ✗ [Low (originally Medium)] Denial of Service (DoS)
    Info: https://security.snyk.io/vuln/npm:qs:20140806-1
    Introduced through: qs@0.0.6
    Introduced by: qs@0.0.6"
`;
