// Jest Snapshot v1, https://goo.gl/fbAQLP

exports[`createSarifOutputForOpenSource replace lock-file to manifest-file Gemfile.lock 1`] = `"Gemfile"`;

exports[`createSarifOutputForOpenSource replace lock-file to manifest-file Gopkg.lock 1`] = `"Gopkg.toml"`;

exports[`createSarifOutputForOpenSource replace lock-file to manifest-file Podfile.lock 1`] = `"Podfile"`;

exports[`createSarifOutputForOpenSource replace lock-file to manifest-file composer.lock 1`] = `"composer.json"`;

exports[`createSarifOutputForOpenSource replace lock-file to manifest-file go.sum 1`] = `"go.mod"`;

exports[`createSarifOutputForOpenSource replace lock-file to manifest-file package-lock.json 1`] = `"package.json"`;

exports[`createSarifOutputForOpenSource replace lock-file to manifest-file poetry.lock 1`] = `"pyproject.toml"`;

exports[`createSarifOutputForOpenSource replace lock-file to manifest-file yarn.lock 1`] = `"package.json"`;
